Version 3
// entity 0
{
"classname" "env_probe"
"name" "env_probe_area_0_0"
"origin" "0 -24 361"
"spawnclass" "EnvironmentProbe"
}
// entity 1
{
"classname" "env_probe"
"name" "env_probe_ingame_placed_0"
"angle" "88.242188"
"origin" "-7 244 38"
"spawnclass" "EnvironmentProbe"
}
// entity 2
{
"classname" "env_probe"
"name" "env_probe_ingame_placed_1"
"angle" "89.121094"
"origin" "-7 351 48"
"spawnclass" "EnvironmentProbe"
}
// entity 3
{
"classname" "env_probe"
"name" "env_probe_ingame_placed_2"
"angle" "89.450684"
"origin" "-10 72 47"
"spawnclass" "EnvironmentProbe"
}
// entity 4
{
"classname" "env_probe"
"name" "env_probe_ingame_placed_3"
"angle" "89.450684"
"origin" "-12 -71 48"
"spawnclass" "EnvironmentProbe"
}
// entity 5
{
"classname" "env_probe"
"name" "env_probe_ingame_placed_4"
"angle" "91.867676"
"origin" "-10 -206 38"
"spawnclass" "EnvironmentProbe"
}
// entity 6
{
"classname" "env_probe"
"name" "env_probe_ingame_placed_5"
"angle" "90.219727"
"origin" "-2 -357 42"
"spawnclass" "EnvironmentProbe"
}
// entity 7
{
"classname" "env_probe"
"name" "env_probe_ingame_placed_6"
"angle" "90.219727"
"origin" "-1 -515 48"
"spawnclass" "EnvironmentProbe"
}
// entity 8
{
"classname" "env_probe"
"name" "env_probe_ingame_placed_7"
"angle" "89.588013"
"origin" "176 -22 48"
"spawnclass" "EnvironmentProbe"
}
// entity 9
{
"classname" "env_probe"
"name" "env_probe_ingame_placed_8"
"angle" "90.247192"
"origin" "-178 -19 48"
"spawnclass" "EnvironmentProbe"
}
// entity 10
{
"classname" "env_probe"
"name" "env_probe_ingame_placed_9"
"angle" "90.247192"
"origin" "-177 -250 48"
"spawnclass" "EnvironmentProbe"
}
// entity 11
{
"classname" "env_probe"
"name" "env_probe_ingame_placed_10"
"angle" "268.005981"
"origin" "-178 222 48"
"spawnclass" "EnvironmentProbe"
}
// entity 12
{
"classname" "env_probe"
"name" "env_probe_ingame_placed_11"
"angle" "83.869629"
"origin" "163 184 42"
"spawnclass" "EnvironmentProbe"
}
// entity 13
{
"classname" "env_probe"
"name" "env_probe_ingame_placed_12"
"angle" "87.940063"
"origin" "174 -286 48"
"spawnclass" "EnvironmentProbe"
}
